[INFO] Scanning for projects...
[WARNING] 
[WARNING] Some problems were encountered while building the effective model for neko:NekoBwLobby:jar:1.0-SNAPSHOT
[WARNING] 'dependencies.dependency.systemPath' for io.papermc.paper:paper-api:jar should not point at files within the project directory, ${project.basedir}/lib/spigot-1.12.2.jar will be unresolvable by dependent projects @ line 66, column 25
[WARNING] 'dependencies.dependency.systemPath' for com.gmail.filoghost.holographicdisplays:holographicdisplays-api:jar should not point at files within the project directory, ${project.basedir}/lib/HolographicDisplaysAPI_v2.1.7.jar will be unresolvable by dependent projects @ line 75, column 25
[WARNING] 
[WARNING] It is highly recommended to fix these problems because they threaten the stability of your build.
[WARNING] 
[WARNING] For this reason, future Maven versions might no longer support building such malformed projects.
[WARNING] 
[INFO] 
[INFO] --------------------------< neko:NekoBwLobby >--------------------------
[INFO] Building NekoBwLobby 1.0-SNAPSHOT
[INFO]   from pom.xml
[INFO] --------------------------------[ jar ]---------------------------------
[INFO] 
[INFO] --- resources:3.3.1:resources (default-resources) @ NekoBwLobby ---
[INFO] Copying 2 resources from src\main\resources to target\classes
[INFO] 
[INFO] --- compiler:3.13.0:compile (default-compile) @ NekoBwLobby ---
[INFO] Recompiling the module because of changed source code.
[INFO] Compiling 14 source files with javac [debug target 17] to target\classes
[INFO] /D:/Projects/Idea/NekoBwLobby/src/main/java/neko/nekoBwLobby/listeners/ItemProtectionListener.java: D:\Projects\Idea\NekoBwLobby\src\main\java\neko\nekoBwLobby\listeners\ItemProtectionListener.java使用或覆盖了已过时的 API。
[INFO] /D:/Projects/Idea/NekoBwLobby/src/main/java/neko/nekoBwLobby/listeners/ItemProtectionListener.java: 有关详细信息, 请使用 -Xlint:deprecation 重新编译。
[INFO] 某些消息已经过简化; 请使用 -Xdiags:verbose 重新编译以获得完整输出
[INFO] -------------------------------------------------------------
[WARNING] COMPILATION WARNING : 
[INFO] -------------------------------------------------------------
[WARNING] 未与 -source 17 一起设置系统模块路径
[INFO] 1 warning
[INFO] -------------------------------------------------------------
[INFO] -------------------------------------------------------------
[ERROR] COMPILATION ERROR : 
[INFO] -------------------------------------------------------------
[ERROR] /D:/Projects/Idea/NekoBwLobby/src/main/java/neko/nekoBwLobby/leaderboard/Leaderboard.java:[137,8] 类重复: neko.nekoBwLobby.leaderboard.Leaderboard
[ERROR] /D:/Projects/Idea/NekoBwLobby/src/main/java/neko/nekoBwLobby/NekoBwLobby.java:[53,50] 不兼容的类型: neko.nekoBwLobby.leaderboard.LeaderboardListener无法转换为org.bukkit.event.Listener
[ERROR] /D:/Projects/Idea/NekoBwLobby/src/main/java/neko/nekoBwLobby/leaderboard/Leaderboard.java:[33,70] 不兼容的类型: org.bukkit.World无法转换为org.bukkit.plugin.Plugin
[ERROR] /D:/Projects/Idea/NekoBwLobby/src/main/java/neko/nekoBwLobby/leaderboard/LeaderboardListener.java:[8,8] neko.nekoBwLobby.leaderboard.LeaderboardListener不是抽象的, 并且未覆盖com.gmail.filoghost.holographicdisplays.api.handler.TouchHandler中的抽象方法onTouch(org.bukkit.entity.Player)
[ERROR] /D:/Projects/Idea/NekoBwLobby/src/main/java/neko/nekoBwLobby/leaderboard/LeaderboardListener.java:[15,5] 方法不会覆盖或实现超类型的方法
[ERROR] /D:/Projects/Idea/NekoBwLobby/src/main/java/neko/nekoBwLobby/leaderboard/LeaderboardListener.java:[23,43] 找不到符号
  符号:   方法 getText()
  位置: 类型为com.gmail.filoghost.holographicdisplays.api.line.HologramLine的变量 line
[INFO] 6 errors 
[INFO] -------------------------------------------------------------
[INFO] ------------------------------------------------------------------------
[INFO] BUILD FAILURE
[INFO] ------------------------------------------------------------------------
[INFO] Total time:  2.041 s
[INFO] Finished at: 2025-11-13T01:57:29+08:00
[INFO] ------------------------------------------------------------------------
[ERROR] Failed to execute goal org.apache.maven.plugins:maven-compiler-plugin:3.13.0:compile (default-compile) on project NekoBwLobby: Compilation failure: Compilation failure: 
[ERROR] /D:/Projects/Idea/NekoBwLobby/src/main/java/neko/nekoBwLobby/leaderboard/Leaderboard.java:[137,8] 类重复: neko.nekoBwLobby.leaderboard.Leaderboard
[ERROR] /D:/Projects/Idea/NekoBwLobby/src/main/java/neko/nekoBwLobby/NekoBwLobby.java:[53,50] 不兼容的类型: neko.nekoBwLobby.leaderboard.LeaderboardListener无法转换为org.bukkit.event.Listener
[ERROR] /D:/Projects/Idea/NekoBwLobby/src/main/java/neko/nekoBwLobby/leaderboard/Leaderboard.java:[33,70] 不兼容的类型: org.bukkit.World无法转换为org.bukkit.plugin.Plugin
[ERROR] /D:/Projects/Idea/NekoBwLobby/src/main/java/neko/nekoBwLobby/leaderboard/LeaderboardListener.java:[8,8] neko.nekoBwLobby.leaderboard.LeaderboardListener不是抽象的, 并且未覆盖com.gmail.filoghost.holographicdisplays.api.handler.TouchHandler中的抽象方法onTouch(org.bukkit.entity.Player)
[ERROR] /D:/Projects/Idea/NekoBwLobby/src/main/java/neko/nekoBwLobby/leaderboard/LeaderboardListener.java:[15,5] 方法不会覆盖或实现超类型的方法
[ERROR] /D:/Projects/Idea/NekoBwLobby/src/main/java/neko/nekoBwLobby/leaderboard/LeaderboardListener.java:[23,43] 找不到符号
[ERROR]   符号:   方法 getText()
[ERROR]   位置: 类型为com.gmail.filoghost.holographicdisplays.api.line.HologramLine的变量 line
[ERROR] -> [Help 1]
[ERROR] 
[ERROR] To see the full stack trace of the errors, re-run Maven with the -e switch.
[ERROR] Re-run Maven using the -X switch to enable full debug logging.
[ERROR] 
[ERROR] For more information about the errors and possible solutions, please read the following articles:
[ERROR] [Help 1] http://cwiki.apache.org/confluence/display/MAVEN/MojoFailureException
